<?php return array (
  0 => 'Symfony\\Bundle\\FrameworkBundle\\Controller\\Controller',
  1 => 'AppBundle\\Controller\\AdvancedController',
  2 => 'AppBundle\\Controller\\BlogController',
  3 => 'AppBundle\\Controller\\Category\\ExampleController',
  4 => 'AppBundle\\Controller\\ContentController',
  5 => 'AppBundle\\Controller\\DefaultController',
  6 => 'AppBundle\\Controller\\NewsController',
  7 => 'AppBundle\\Controller\\NewsletterController',
  8 => 'AppBundle\\Controller\\SecureController',
  9 => 'AppBundle\\Controller\\Web2printController',
  10 => 'CoreShop\\Bundle\\ConfigurationBundle\\Controller\\ConfigurationController',
  11 => 'CoreShop\\Bundle\\CoreBundle\\Controller\\ConfigurationController',
  12 => 'CoreShop\\Bundle\\CoreBundle\\Controller\\CoreSaleCreationTrait',
  13 => 'CoreShop\\Bundle\\CoreBundle\\Controller\\OrderController',
  14 => 'CoreShop\\Bundle\\CoreBundle\\Controller\\OrderCreationController',
  15 => 'CoreShop\\Bundle\\CoreBundle\\Controller\\PaymentProviderController',
  16 => 'CoreShop\\Bundle\\CoreBundle\\Controller\\QuoteCreationController',
  17 => 'CoreShop\\Bundle\\CoreBundle\\Controller\\ReportsController',
  18 => 'CoreShop\\Bundle\\CoreBundle\\Controller\\SettingsController',
  19 => 'CoreShop\\Bundle\\CurrencyBundle\\Controller\\ExchangeRateController',
  20 => 'CoreShop\\Bundle\\FixtureBundle\\Entity\\DataFixture',
  21 => 'CoreShop\\Bundle\\FixtureBundle\\Entity\\Repository\\DataFixtureRepository',
  22 => 'CoreShop\\Bundle\\FrontendBundle\\Controller\\CartController',
  23 => 'CoreShop\\Bundle\\FrontendBundle\\Controller\\CategoryController',
  24 => 'CoreShop\\Bundle\\FrontendBundle\\Controller\\CheckoutController',
  25 => 'CoreShop\\Bundle\\FrontendBundle\\Controller\\CurrencyController',
  26 => 'CoreShop\\Bundle\\FrontendBundle\\Controller\\CustomerController',
  27 => 'CoreShop\\Bundle\\FrontendBundle\\Controller\\FrontendController',
  28 => 'CoreShop\\Bundle\\FrontendBundle\\Controller\\IndexController',
  29 => 'CoreShop\\Bundle\\FrontendBundle\\Controller\\LanguageController',
  30 => 'CoreShop\\Bundle\\FrontendBundle\\Controller\\MailController',
  31 => 'CoreShop\\Bundle\\FrontendBundle\\Controller\\ProductController',
  32 => 'CoreShop\\Bundle\\FrontendBundle\\Controller\\QuoteController',
  33 => 'CoreShop\\Bundle\\FrontendBundle\\Controller\\RegisterController',
  34 => 'CoreShop\\Bundle\\FrontendBundle\\Controller\\SearchController',
  35 => 'CoreShop\\Bundle\\FrontendBundle\\Controller\\SecurityController',
  36 => 'CoreShop\\Bundle\\FrontendBundle\\Controller\\WishlistController',
  37 => 'CoreShop\\Bundle\\IndexBundle\\Controller\\FilterController',
  38 => 'CoreShop\\Bundle\\IndexBundle\\Controller\\IndexController',
  39 => 'CoreShop\\Bundle\\NotificationBundle\\Controller\\NotificationRuleController',
  40 => 'CoreShop\\Bundle\\OrderBundle\\Controller\\AbstractSaleController',
  41 => 'CoreShop\\Bundle\\OrderBundle\\Controller\\AbstractSaleCreationController',
  42 => 'CoreShop\\Bundle\\OrderBundle\\Controller\\AbstractSaleDetailController',
  43 => 'CoreShop\\Bundle\\OrderBundle\\Controller\\CartPriceRuleController',
  44 => 'CoreShop\\Bundle\\OrderBundle\\Controller\\OrderController',
  45 => 'CoreShop\\Bundle\\OrderBundle\\Controller\\OrderCreationController',
  46 => 'CoreShop\\Bundle\\OrderBundle\\Controller\\OrderDocumentPrintController',
  47 => 'CoreShop\\Bundle\\OrderBundle\\Controller\\OrderInvoiceController',
  48 => 'CoreShop\\Bundle\\OrderBundle\\Controller\\OrderShipmentController',
  49 => 'CoreShop\\Bundle\\OrderBundle\\Controller\\QuoteController',
  50 => 'CoreShop\\Bundle\\OrderBundle\\Controller\\QuoteCreationController',
  51 => 'CoreShop\\Bundle\\PayumBundle\\Controller\\PaymentController',
  52 => 'CoreShop\\Bundle\\ProductBundle\\Controller\\ProductPriceRuleController',
  53 => 'CoreShop\\Bundle\\ProductBundle\\Controller\\ProductSpecificPriceRuleController',
  54 => 'CoreShop\\Bundle\\ResourceBundle\\Controller\\EventDispatcher',
  55 => 'CoreShop\\Bundle\\ResourceBundle\\Controller\\EventDispatcherInterface',
  56 => 'CoreShop\\Bundle\\ResourceBundle\\Controller\\PimcoreController',
  57 => 'CoreShop\\Bundle\\ResourceBundle\\Controller\\ResourceController',
  58 => 'CoreShop\\Bundle\\ResourceBundle\\Controller\\ResourceFormFactory',
  59 => 'CoreShop\\Bundle\\ResourceBundle\\Controller\\ResourceFormFactoryInterface',
  60 => 'CoreShop\\Bundle\\ResourceBundle\\Controller\\ResourceSettingsController',
  61 => 'CoreShop\\Bundle\\ResourceBundle\\Controller\\ViewHandler',
  62 => 'CoreShop\\Bundle\\ResourceBundle\\Controller\\ViewHandlerInterface',
  63 => 'CoreShop\\Bundle\\ShippingBundle\\Controller\\ShippingRuleController',
  64 => 'CoreShop\\Bundle\\StoreBundle\\Controller\\StoreController',
  65 => 'CoreShop\\Bundle\\TaxationBundle\\Controller\\TaxRuleGroupController',
  66 => 'Debril\\RssAtomBundle\\Controller\\StreamController',
  67 => 'Doctrine\\Bundle\\DoctrineBundle\\Controller\\ProfilerController',
  68 => 'Doctrine\\ORM\\Cache\\Persister\\Entity\\AbstractEntityPersister',
  69 => 'Doctrine\\ORM\\Cache\\Persister\\Entity\\CachedEntityPersister',
  70 => 'Doctrine\\ORM\\Cache\\Persister\\Entity\\NonStrictReadWriteCachedEntityPersister',
  71 => 'Doctrine\\ORM\\Cache\\Persister\\Entity\\ReadOnlyCachedEntityPersister',
  72 => 'Doctrine\\ORM\\Cache\\Persister\\Entity\\ReadWriteCachedEntityPersister',
  73 => 'Doctrine\\ORM\\Persisters\\Entity\\AbstractEntityInheritancePersister',
  74 => 'Doctrine\\ORM\\Persisters\\Entity\\BasicEntityPersister',
  75 => 'Doctrine\\ORM\\Persisters\\Entity\\CachedPersisterContext',
  76 => 'Doctrine\\ORM\\Persisters\\Entity\\EntityPersister',
  77 => 'Doctrine\\ORM\\Persisters\\Entity\\JoinedSubclassPersister',
  78 => 'Doctrine\\ORM\\Persisters\\Entity\\SingleTablePersister',
  79 => 'Endroid\\QrCode\\Bundle\\QrCodeBundle\\Controller\\QrCodeController',
  80 => 'FOS\\RestBundle\\Controller\\Annotations\\AbstractParam',
  81 => 'FOS\\RestBundle\\Controller\\Annotations\\AbstractScalarParam',
  82 => 'FOS\\RestBundle\\Controller\\Annotations\\Copy',
  83 => 'FOS\\RestBundle\\Controller\\Annotations\\Delete',
  84 => 'FOS\\RestBundle\\Controller\\Annotations\\FileParam',
  85 => 'FOS\\RestBundle\\Controller\\Annotations\\Get',
  86 => 'FOS\\RestBundle\\Controller\\Annotations\\Head',
  87 => 'FOS\\RestBundle\\Controller\\Annotations\\Link',
  88 => 'FOS\\RestBundle\\Controller\\Annotations\\Lock',
  89 => 'FOS\\RestBundle\\Controller\\Annotations\\Mkcol',
  90 => 'FOS\\RestBundle\\Controller\\Annotations\\Move',
  91 => 'FOS\\RestBundle\\Controller\\Annotations\\NamePrefix',
  92 => 'FOS\\RestBundle\\Controller\\Annotations\\NoRoute',
  93 => 'FOS\\RestBundle\\Controller\\Annotations\\Options',
  94 => 'FOS\\RestBundle\\Controller\\Annotations\\ParamInterface',
  95 => 'FOS\\RestBundle\\Controller\\Annotations\\Patch',
  96 => 'FOS\\RestBundle\\Controller\\Annotations\\Post',
  97 => 'FOS\\RestBundle\\Controller\\Annotations\\Prefix',
  98 => 'FOS\\RestBundle\\Controller\\Annotations\\PropFind',
  99 => 'FOS\\RestBundle\\Controller\\Annotations\\PropPatch',
  100 => 'FOS\\RestBundle\\Controller\\Annotations\\Put',
  101 => 'FOS\\RestBundle\\Controller\\Annotations\\QueryParam',
  102 => 'FOS\\RestBundle\\Controller\\Annotations\\RequestParam',
  103 => 'FOS\\RestBundle\\Controller\\Annotations\\Route',
  104 => 'FOS\\RestBundle\\Controller\\Annotations\\RouteResource',
  105 => 'FOS\\RestBundle\\Controller\\Annotations\\Unlink',
  106 => 'FOS\\RestBundle\\Controller\\Annotations\\Unlock',
  107 => 'FOS\\RestBundle\\Controller\\Annotations\\Version',
  108 => 'FOS\\RestBundle\\Controller\\Annotations\\View',
  109 => 'FOS\\RestBundle\\Controller\\ControllerTrait',
  110 => 'FOS\\RestBundle\\Controller\\ExceptionController',
  111 => 'FOS\\RestBundle\\Controller\\FOSRestController',
  112 => 'FOS\\RestBundle\\Controller\\TemplatingExceptionController',
  113 => 'FOS\\RestBundle\\Controller\\TwigExceptionController',
  114 => 'Gedmo\\Loggable\\Entity\\LogEntry',
  115 => 'Gedmo\\Loggable\\Entity\\MappedSuperclass\\AbstractLogEntry',
  116 => 'Gedmo\\Loggable\\Entity\\Repository\\LogEntryRepository',
  117 => 'Gedmo\\Sortable\\Entity\\Repository\\SortableRepository',
  118 => 'Gedmo\\Translatable\\Entity\\MappedSuperclass\\AbstractPersonalTranslation',
  119 => 'Gedmo\\Translatable\\Entity\\MappedSuperclass\\AbstractTranslation',
  120 => 'Gedmo\\Translatable\\Entity\\Repository\\TranslationRepository',
  121 => 'Gedmo\\Translatable\\Entity\\Translation',
  122 => 'Gedmo\\Translator\\Entity\\Translation',
  123 => 'Gedmo\\Tree\\Entity\\MappedSuperclass\\AbstractClosure',
  124 => 'Gedmo\\Tree\\Entity\\Repository\\AbstractTreeRepository',
  125 => 'Gedmo\\Tree\\Entity\\Repository\\ClosureTreeRepository',
  126 => 'Gedmo\\Tree\\Entity\\Repository\\MaterializedPathRepository',
  127 => 'Gedmo\\Tree\\Entity\\Repository\\NestedTreeRepository',
  128 => 'Liip\\ThemeBundle\\Controller\\ThemeController',
  129 => 'Payum\\Bundle\\PayumBundle\\Controller\\AuthorizeController',
  130 => 'Payum\\Bundle\\PayumBundle\\Controller\\CancelController',
  131 => 'Payum\\Bundle\\PayumBundle\\Controller\\CaptureController',
  132 => 'Payum\\Bundle\\PayumBundle\\Controller\\NotifyController',
  133 => 'Payum\\Bundle\\PayumBundle\\Controller\\PayoutController',
  134 => 'Payum\\Bundle\\PayumBundle\\Controller\\PayumController',
  135 => 'Payum\\Bundle\\PayumBundle\\Controller\\RefundController',
  136 => 'Payum\\Bundle\\PayumBundle\\Controller\\SyncController',
  137 => 'Pimcore\\Bundle\\AdminBundle\\Controller\\AdminController',
  138 => 'Pimcore\\Bundle\\AdminBundle\\Controller\\AdminControllerInterface',
  139 => 'Pimcore\\Bundle\\AdminBundle\\Controller\\Admin\\AssetController',
  140 => 'Pimcore\\Bundle\\AdminBundle\\Controller\\Admin\\ClassController',
  141 => 'Pimcore\\Bundle\\AdminBundle\\Controller\\Admin\\ClassificationstoreController',
  142 => 'Pimcore\\Bundle\\AdminBundle\\Controller\\Admin\\DataObjectController',
  143 => 'Pimcore\\Bundle\\AdminBundle\\Controller\\Admin\\DataObjectHelperController',
  144 => 'Pimcore\\Bundle\\AdminBundle\\Controller\\Admin\\DocumentController',
  145 => 'Pimcore\\Bundle\\AdminBundle\\Controller\\Admin\\DocumentControllerBase',
  146 => 'Pimcore\\Bundle\\AdminBundle\\Controller\\Admin\\DocumentTag\\RenderletController',
  147 => 'Pimcore\\Bundle\\AdminBundle\\Controller\\Admin\\ElementController',
  148 => 'Pimcore\\Bundle\\AdminBundle\\Controller\\Admin\\ElementControllerBase',
  149 => 'Pimcore\\Bundle\\AdminBundle\\Controller\\Admin\\EmailController',
  150 => 'Pimcore\\Bundle\\AdminBundle\\Controller\\Admin\\External\\AdminerController',
  151 => 'Pimcore\\Bundle\\AdminBundle\\Controller\\Admin\\External\\LinfoController',
  152 => 'Pimcore\\Bundle\\AdminBundle\\Controller\\Admin\\External\\OpcacheController',
  153 => 'Pimcore\\Bundle\\AdminBundle\\Controller\\Admin\\FolderController',
  154 => 'Pimcore\\Bundle\\AdminBundle\\Controller\\Admin\\HardlinkController',
  155 => 'Pimcore\\Bundle\\AdminBundle\\Controller\\Admin\\IndexController',
  156 => 'Pimcore\\Bundle\\AdminBundle\\Controller\\Admin\\InstallController',
  157 => 'Pimcore\\Bundle\\AdminBundle\\Controller\\Admin\\LinkController',
  158 => 'Pimcore\\Bundle\\AdminBundle\\Controller\\Admin\\LogController',
  159 => 'Pimcore\\Bundle\\AdminBundle\\Controller\\Admin\\LoginController',
  160 => 'Pimcore\\Bundle\\AdminBundle\\Controller\\Admin\\MiscController',
  161 => 'Pimcore\\Bundle\\AdminBundle\\Controller\\Admin\\NewsletterController',
  162 => 'Pimcore\\Bundle\\AdminBundle\\Controller\\Admin\\PageController',
  163 => 'Pimcore\\Bundle\\AdminBundle\\Controller\\Admin\\PortalController',
  164 => 'Pimcore\\Bundle\\AdminBundle\\Controller\\Admin\\PrintcontainerController',
  165 => 'Pimcore\\Bundle\\AdminBundle\\Controller\\Admin\\PrintpageController',
  166 => 'Pimcore\\Bundle\\AdminBundle\\Controller\\Admin\\PrintpageControllerBase',
  167 => 'Pimcore\\Bundle\\AdminBundle\\Controller\\Admin\\QuantityValueController',
  168 => 'Pimcore\\Bundle\\AdminBundle\\Controller\\Admin\\RecyclebinController',
  169 => 'Pimcore\\Bundle\\AdminBundle\\Controller\\Admin\\SettingsController',
  170 => 'Pimcore\\Bundle\\AdminBundle\\Controller\\Admin\\SnippetController',
  171 => 'Pimcore\\Bundle\\AdminBundle\\Controller\\Admin\\TagsController',
  172 => 'Pimcore\\Bundle\\AdminBundle\\Controller\\Admin\\TranslationController',
  173 => 'Pimcore\\Bundle\\AdminBundle\\Controller\\Admin\\UserController',
  174 => 'Pimcore\\Bundle\\AdminBundle\\Controller\\Admin\\VariantsController',
  175 => 'Pimcore\\Bundle\\AdminBundle\\Controller\\Admin\\WorkflowController',
  176 => 'Pimcore\\Bundle\\AdminBundle\\Controller\\BruteforceProtectedControllerInterface',
  177 => 'Pimcore\\Bundle\\AdminBundle\\Controller\\DoubleAuthenticationControllerInterface',
  178 => 'Pimcore\\Bundle\\AdminBundle\\Controller\\ExtensionManager\\ExtensionManagerController',
  179 => 'Pimcore\\Bundle\\AdminBundle\\Controller\\Reports\\AnalyticsController',
  180 => 'Pimcore\\Bundle\\AdminBundle\\Controller\\Reports\\CustomReportController',
  181 => 'Pimcore\\Bundle\\AdminBundle\\Controller\\Reports\\QrcodeController',
  182 => 'Pimcore\\Bundle\\AdminBundle\\Controller\\Reports\\ReportsControllerBase',
  183 => 'Pimcore\\Bundle\\AdminBundle\\Controller\\Reports\\SettingsController',
  184 => 'Pimcore\\Bundle\\AdminBundle\\Controller\\Reports\\TargetingController',
  185 => 'Pimcore\\Bundle\\AdminBundle\\Controller\\Rest\\AbstractRestController',
  186 => 'Pimcore\\Bundle\\AdminBundle\\Controller\\Rest\\ClassController',
  187 => 'Pimcore\\Bundle\\AdminBundle\\Controller\\Rest\\Element\\AbstractElementController',
  188 => 'Pimcore\\Bundle\\AdminBundle\\Controller\\Rest\\Element\\AssetController',
  189 => 'Pimcore\\Bundle\\AdminBundle\\Controller\\Rest\\Element\\DataObjectController',
  190 => 'Pimcore\\Bundle\\AdminBundle\\Controller\\Rest\\Element\\DocumentController',
  191 => 'Pimcore\\Bundle\\AdminBundle\\Controller\\Rest\\Element\\TagController',
  192 => 'Pimcore\\Bundle\\AdminBundle\\Controller\\Rest\\ImageController',
  193 => 'Pimcore\\Bundle\\AdminBundle\\Controller\\Rest\\InfoController',
  194 => 'Pimcore\\Bundle\\AdminBundle\\Controller\\Searchadmin\\SearchController',
  195 => 'Pimcore\\Bundle\\AdminBundle\\Controller\\Update\\IndexController',
  196 => 'Pimcore\\Bundle\\CoreBundle\\Controller\\PublicServicesController',
  197 => 'Pimcore\\Bundle\\EcommerceFrameworkBundle\\Controller\\AdminOrderController',
  198 => 'Pimcore\\Bundle\\EcommerceFrameworkBundle\\Controller\\ConfigController',
  199 => 'Pimcore\\Bundle\\EcommerceFrameworkBundle\\Controller\\FindologicController',
  200 => 'Pimcore\\Bundle\\EcommerceFrameworkBundle\\Controller\\IndexController',
  201 => 'Pimcore\\Bundle\\EcommerceFrameworkBundle\\Controller\\PricingController',
  202 => 'Pimcore\\Bundle\\EcommerceFrameworkBundle\\Controller\\VoucherController',
  203 => 'Pimcore\\Controller\\ArgumentValueResolver\\DocumentValueResolver',
  204 => 'Pimcore\\Controller\\ArgumentValueResolver\\EditmodeValueResolver',
  205 => 'Pimcore\\Controller\\ArgumentValueResolver\\TemplateVarsValueResolver',
  206 => 'Pimcore\\Controller\\ArgumentValueResolver\\ViewModelValueResolver',
  207 => 'Pimcore\\Controller\\ArgumentValueResolver\\WebsiteConfigValueResolver',
  208 => 'Pimcore\\Controller\\Config\\ConfigNormalizer',
  209 => 'Pimcore\\Controller\\Config\\ControllerDataProvider',
  210 => 'Pimcore\\Controller\\Configuration\\ResponseHeader',
  211 => 'Pimcore\\Controller\\Configuration\\TemplatePhp',
  212 => 'Pimcore\\Controller\\Controller',
  213 => 'Pimcore\\Controller\\EventedControllerInterface',
  214 => 'Pimcore\\Controller\\FrontendController',
  215 => 'Pimcore\\Controller\\TemplateControllerInterface',
  216 => 'Pimcore\\Controller\\Traits\\TemplateControllerTrait',
  217 => 'Pimcore\\Install\\Controller\\InstallController',
  218 => 'Symfony\\Bundle\\FrameworkBundle\\Controller\\AbstractController',
  220 => 'Symfony\\Bundle\\FrameworkBundle\\Controller\\ControllerNameParser',
  221 => 'Symfony\\Bundle\\FrameworkBundle\\Controller\\ControllerResolver',
  222 => 'Symfony\\Bundle\\FrameworkBundle\\Controller\\ControllerTrait',
  223 => 'Symfony\\Bundle\\FrameworkBundle\\Controller\\RedirectController',
  224 => 'Symfony\\Bundle\\FrameworkBundle\\Controller\\TemplateController',
  225 => 'Symfony\\Bundle\\TwigBundle\\Controller\\ExceptionController',
  226 => 'Symfony\\Bundle\\TwigBundle\\Controller\\PreviewErrorController',
  227 => 'Symfony\\Bundle\\WebProfilerBundle\\Controller\\ExceptionController',
  228 => 'Symfony\\Bundle\\WebProfilerBundle\\Controller\\ProfilerController',
  229 => 'Symfony\\Bundle\\WebProfilerBundle\\Controller\\RouterController',
  230 => 'Symfony\\Cmf\\Bundle\\RoutingBundle\\Controller\\RedirectController',
  231 => 'Symfony\\Component\\HttpKernel\\Controller\\ArgumentResolver',
  232 => 'Symfony\\Component\\HttpKernel\\Controller\\ArgumentResolverInterface',
  233 => 'Symfony\\Component\\HttpKernel\\Controller\\ArgumentResolver\\DefaultValueResolver',
  234 => 'Symfony\\Component\\HttpKernel\\Controller\\ArgumentResolver\\RequestAttributeValueResolver',
  235 => 'Symfony\\Component\\HttpKernel\\Controller\\ArgumentResolver\\RequestValueResolver',
  236 => 'Symfony\\Component\\HttpKernel\\Controller\\ArgumentResolver\\ServiceValueResolver',
  237 => 'Symfony\\Component\\HttpKernel\\Controller\\ArgumentResolver\\SessionValueResolver',
  238 => 'Symfony\\Component\\HttpKernel\\Controller\\ArgumentResolver\\VariadicValueResolver',
  239 => 'Symfony\\Component\\HttpKernel\\Controller\\ArgumentValueResolverInterface',
  240 => 'Symfony\\Component\\HttpKernel\\Controller\\ContainerControllerResolver',
  241 => 'Symfony\\Component\\HttpKernel\\Controller\\ControllerReference',
  242 => 'Symfony\\Component\\HttpKernel\\Controller\\ControllerResolver',
  243 => 'Symfony\\Component\\HttpKernel\\Controller\\ControllerResolverInterface',
  244 => 'Symfony\\Component\\HttpKernel\\Controller\\TraceableArgumentResolver',
  245 => 'Symfony\\Component\\HttpKernel\\Controller\\TraceableControllerResolver',
);